
> frontend@0.0.0 dev
> vite --host localhost --strictPort


  VITE v8.2.2  ready in 992 ms

  ➜  Local:   http://localhost:5173/
4:22:57 PM [vite] (client) hmr update /src/index.css, /src/components/AppShell.tsx, /src/pages/OpeningScreen.tsx, /src/pages/AccountPage.tsx, /src/pages/AdminUsersPage.tsx, /src/pages/ProjectBatteryPage.tsx, /src/pages/ProjectProposedMaterialsPage.tsx, /src/pages/ProjectPowerPage.tsx, /src/pages/ProjectBoqPage.tsx, /src/pages/ProjectBoqRevisionsPage.tsx, /src/pages/ProjectInfoPage.tsx, /src/pages/ProjectAmplifierPage.tsx, /src/pages/ProjectHomePage.tsx, /src/pages/ProjectDrawingsPage.tsx, /src/pages/ProjectDocumentsPage.tsx and 8 more
4:22:57 PM [vite] (client) hmr update /src/index.css, /src/components/AppShell.tsx, /src/pages/OpeningScreen.tsx, /src/pages/AccountPage.tsx, /src/pages/AdminUsersPage.tsx, /src/pages/ProjectBatteryPage.tsx, /src/pages/ProjectProposedMaterialsPage.tsx, /src/pages/ProjectPowerPage.tsx, /src/pages/ProjectBoqPage.tsx, /src/pages/ProjectBoqRevisionsPage.tsx, /src/pages/ProjectInfoPage.tsx, /src/pages/ProjectAmplifierPage.tsx, /src/pages/ProjectHomePage.tsx, /src/pages/ProjectDrawingsPage.tsx, /src/pages/ProjectDocumentsPage.tsx and 8 more
4:22:57 PM [vite] (client) hmr update /src/pages/AdminUsersPage.tsx, /src/index.css
4:22:57 PM [vite] (client) hmr update /src/components/ProtectedRoute.tsx, /src/index.css
4:24:56 PM [vite] (client) hmr update /src/pages/OpeningScreen.tsx, /src/index.css
4:24:56 PM [vite] (client) hmr update /src/App.tsx, /src/index.css
4:33:09 PM [vite] (client) hmr update /src/pages/OpeningScreen.tsx, /src/index.css
4:33:09 PM [vite] (client) hmr update /src/components/AppShell.tsx, /src/index.css
4:44:08 PM [vite] (client) hmr update /src/index.css, /src/components/AppShell.tsx, /src/pages/OpeningScreen.tsx, /src/pages/AccountPage.tsx, /src/pages/AdminUsersPage.tsx, /src/pages/ProjectBatteryPage.tsx, /src/pages/ProjectProposedMaterialsPage.tsx, /src/pages/ProjectPowerPage.tsx, /src/pages/ProjectBoqPage.tsx, /src/pages/ProjectBoqRevisionsPage.tsx, /src/pages/ProjectInfoPage.tsx, /src/pages/ProjectAmplifierPage.tsx, /src/pages/ProjectHomePage.tsx, /src/pages/ProjectDrawingsPage.tsx, /src/pages/ProjectDocumentsPage.tsx and 8 more
4:44:08 PM [vite] (client) hmr update /src/pages/AdminUsersPage.tsx, /src/index.css
4:44:59 PM [vite] (client) hmr update /src/index.css, /src/pages/EstimationPages.tsx
4:44:59 PM [vite] (client) hmr update /src/App.tsx, /src/index.css
4:44:59 PM [vite] (client) hmr update /src/pages/OpeningScreen.tsx, /src/index.css
4:44:59 PM [vite] (client) hmr update /src/components/ProtectedRoute.tsx, /src/index.css
4:44:59 PM [vite] (client) hmr update /src/components/AppShell.tsx, /src/index.css
10:47:24 AM [vite] vite.config.ts changed, restarting server...
10:47:24 AM [vite] (client) Re-optimizing dependencies because vite config has changed
10:47:24 AM [vite] server restarted.
10:48:18 AM [vite] vite.config.ts changed, restarting server...
10:48:18 AM [vite] server restarted.
10:49:51 AM [vite] vite.config.ts changed, restarting server...
10:49:51 AM [vite] (client) Re-optimizing dependencies because vite config has changed
10:49:51 AM [vite] server restarted.
10:53:36 AM [vite] vite.config.ts changed, restarting server...
10:53:36 AM [vite] (client) Re-optimizing dependencies because vite config has changed
10:53:36 AM [vite] server restarted.
10:56:59 AM [vite] vite.config.ts changed, restarting server...
10:56:59 AM [vite] vite.config.ts changed, restarting server...
10:57:00 AM [vite] server restarted.
10:57:00 AM [vite] vite.config.ts changed, restarting server...
10:57:00 AM [vite] server restarted.
10:59:24 AM [vite] (client) hmr update /src/index.css, /src/pages/AdminSystemPage.tsx, /src/context/AuthContext.tsx, /src/pages/AdminEquipmentCurrentsPage.tsx, /src/pages/AdminUsersPage.tsx, /src/pages/ProjectBatteryPage.tsx, /src/pages/ProjectAmplifierPage.tsx, /src/pages/ProjectPowerPage.tsx, /src/pages/OpenProjectPage.tsx, /src/pages/LoginPage.tsx, /src/pages/ProjectDocumentsPage.tsx, /src/pages/ProjectProposedMaterialsPage.tsx, /src/pages/ProjectBoqPage.tsx, /src/pages/ProjectBoqRereadPage.tsx, /src/pages/ProjectHomePage.tsx and 26 more
10:59:24 AM [vite] (client) hmr update /src/index.css, /src/pages/AdminSystemPage.tsx, /src/context/AuthContext.tsx, /src/pages/AdminEquipmentCurrentsPage.tsx, /src/pages/AdminUsersPage.tsx, /src/pages/ProjectBatteryPage.tsx, /src/pages/ProjectAmplifierPage.tsx, /src/pages/ProjectPowerPage.tsx, /src/pages/OpenProjectPage.tsx, /src/pages/LoginPage.tsx, /src/pages/ProjectDocumentsPage.tsx, /src/pages/ProjectProposedMaterialsPage.tsx, /src/pages/ProjectBoqPage.tsx, /src/pages/ProjectBoqRereadPage.tsx, /src/pages/ProjectHomePage.tsx and 26 more
10:59:25 AM [vite] (client) hmr update /src/index.css, /src/pages/AdminSystemPage.tsx, /src/context/AuthContext.tsx, /src/pages/AdminEquipmentCurrentsPage.tsx, /src/pages/AdminUsersPage.tsx, /src/pages/ProjectBatteryPage.tsx, /src/pages/ProjectAmplifierPage.tsx, /src/pages/ProjectPowerPage.tsx, /src/pages/OpenProjectPage.tsx, /src/pages/LoginPage.tsx, /src/pages/ProjectDocumentsPage.tsx, /src/pages/ProjectProposedMaterialsPage.tsx, /src/pages/ProjectBoqPage.tsx, /src/pages/ProjectBoqRereadPage.tsx, /src/pages/ProjectHomePage.tsx and 26 more
10:59:25 AM [vite] (client) hmr update /src/index.css, /src/pages/AdminSystemPage.tsx, /src/context/AuthContext.tsx, /src/pages/AdminEquipmentCurrentsPage.tsx, /src/pages/AdminUsersPage.tsx, /src/pages/ProjectBatteryPage.tsx, /src/pages/ProjectAmplifierPage.tsx, /src/pages/ProjectPowerPage.tsx, /src/pages/OpenProjectPage.tsx, /src/pages/LoginPage.tsx, /src/pages/ProjectDocumentsPage.tsx, /src/pages/ProjectProposedMaterialsPage.tsx, /src/pages/ProjectBoqPage.tsx, /src/pages/ProjectBoqRereadPage.tsx, /src/pages/ProjectHomePage.tsx and 26 more
10:59:25 AM [vite] (client) hmr invalidate /src/context/AuthContext.tsx Could not Fast Refresh ("ApiError" export is incompatible). Learn more at https://github.com/vitejs/vite-plugin-react/tree/main/packages/plugin-react#consistent-components-exports
10:59:25 AM [vite] (client) hmr update /src/App.tsx, /src/components/ProtectedRoute.tsx, /src/pages/ProjectBatteryPage.tsx, /src/pages/ProjectAmplifierPage.tsx, /src/pages/ProjectPowerPage.tsx, /src/pages/OpenProjectPage.tsx, /src/components/AppShell.tsx, /src/pages/LoginPage.tsx, /src/pages/ProjectDocumentsPage.tsx, /src/pages/ProjectProposedMaterialsPage.tsx, /src/pages/OpeningScreen.tsx, /src/pages/ProjectBoqPage.tsx, /src/pages/ProjectBoqRereadPage.tsx, /src/pages/ProjectHomePage.tsx, /src/pages/ProjectBoqRevisionsPage.tsx and 7 more
10:59:25 AM [vite] (client) hmr invalidate /src/pages/ProjectWorkspace.tsx Could not Fast Refresh ("useProject" export is incompatible). Learn more at https://github.com/vitejs/vite-plugin-react/tree/main/packages/plugin-react#consistent-components-exports
10:59:25 AM [vite] (client) hmr update /src/App.tsx, /src/pages/ProjectBatteryPage.tsx, /src/pages/ProjectAmplifierPage.tsx, /src/pages/ProjectPowerPage.tsx, /src/pages/ProjectDocumentsPage.tsx, /src/pages/ProjectProposedMaterialsPage.tsx, /src/pages/ProjectBoqPage.tsx, /src/pages/ProjectBoqRereadPage.tsx, /src/pages/ProjectHomePage.tsx, /src/pages/ProjectBoqRevisionsPage.tsx, /src/pages/ProjectCalculationsPage.tsx, /src/pages/ProjectLogsPage.tsx, /src/pages/ProjectInfoPage.tsx, /src/pages/ProjectDrawingsPage.tsx and 2 more
10:59:26 AM [vite] (client) hmr update /src/index.css, /src/pages/AdminSystemPage.tsx, /src/context/AuthContext.tsx, /src/pages/AdminEquipmentCurrentsPage.tsx, /src/pages/AdminUsersPage.tsx, /src/pages/ProjectBatteryPage.tsx, /src/pages/ProjectAmplifierPage.tsx, /src/pages/ProjectPowerPage.tsx, /src/pages/OpenProjectPage.tsx, /src/pages/LoginPage.tsx, /src/pages/ProjectDocumentsPage.tsx, /src/pages/ProjectProposedMaterialsPage.tsx, /src/pages/ProjectBoqPage.tsx, /src/pages/ProjectBoqRereadPage.tsx, /src/pages/ProjectHomePage.tsx and 26 more
10:59:26 AM [vite] (client) hmr invalidate /src/context/AuthContext.tsx Could not Fast Refresh ("ApiError" export is incompatible). Learn more at https://github.com/vitejs/vite-plugin-react/tree/main/packages/plugin-react#consistent-components-exports
10:59:26 AM [vite] (client) hmr update /src/App.tsx, /src/components/ProtectedRoute.tsx, /src/pages/ProjectBatteryPage.tsx, /src/pages/ProjectAmplifierPage.tsx, /src/pages/ProjectPowerPage.tsx, /src/pages/OpenProjectPage.tsx, /src/components/AppShell.tsx, /src/pages/LoginPage.tsx, /src/pages/ProjectDocumentsPage.tsx, /src/pages/ProjectProposedMaterialsPage.tsx, /src/pages/OpeningScreen.tsx, /src/pages/ProjectBoqPage.tsx, /src/pages/ProjectBoqRereadPage.tsx, /src/pages/ProjectHomePage.tsx, /src/pages/ProjectBoqRevisionsPage.tsx and 7 more
10:59:26 AM [vite] (client) hmr invalidate /src/pages/ProjectWorkspace.tsx Could not Fast Refresh ("useProject" export is incompatible). Learn more at https://github.com/vitejs/vite-plugin-react/tree/main/packages/plugin-react#consistent-components-exports
10:59:26 AM [vite] (client) hmr update /src/App.tsx, /src/pages/ProjectBatteryPage.tsx, /src/pages/ProjectAmplifierPage.tsx, /src/pages/ProjectPowerPage.tsx, /src/pages/ProjectDocumentsPage.tsx, /src/pages/ProjectProposedMaterialsPage.tsx, /src/pages/ProjectBoqPage.tsx, /src/pages/ProjectBoqRereadPage.tsx, /src/pages/ProjectHomePage.tsx, /src/pages/ProjectBoqRevisionsPage.tsx, /src/pages/ProjectCalculationsPage.tsx, /src/pages/ProjectLogsPage.tsx, /src/pages/ProjectInfoPage.tsx, /src/pages/ProjectDrawingsPage.tsx and 2 more
3:23:24 PM [vite] (client) hmr update /src/pages/OpenProjectPage.tsx, /src/index.css
3:35:00 PM [vite] (client) hmr update /src/pages/OpenProjectPage.tsx, /src/index.css
3:35:07 PM [vite] (client) hmr update /src/pages/OpenProjectPage.tsx, /src/index.css
4:01:03 PM [vite] (client) hmr update /src/index.css, /src/pages/AdminUsersPage.tsx, /src/pages/ProjectBatteryPage.tsx, /src/pages/ProjectAmplifierPage.tsx, /src/pages/ProjectPowerPage.tsx, /src/components/AppShell.tsx, /src/pages/ProjectDocumentsPage.tsx, /src/pages/ProjectProposedMaterialsPage.tsx, /src/pages/OpeningScreen.tsx, /src/pages/ProjectBoqPage.tsx, /src/pages/ProjectBoqRereadPage.tsx, /src/pages/ProjectHomePage.tsx, /src/pages/ProjectBoqRevisionsPage.tsx, /src/pages/ProjectLogsPage.tsx, /src/pages/ProjectInfoPage.tsx and 8 more
4:01:03 PM [vite] (client) hmr update /src/index.css, /src/pages/AdminUsersPage.tsx, /src/pages/ProjectBatteryPage.tsx, /src/pages/ProjectAmplifierPage.tsx, /src/pages/ProjectPowerPage.tsx, /src/components/AppShell.tsx, /src/pages/ProjectDocumentsPage.tsx, /src/pages/ProjectProposedMaterialsPage.tsx, /src/pages/OpeningScreen.tsx, /src/pages/ProjectBoqPage.tsx, /src/pages/ProjectBoqRereadPage.tsx, /src/pages/ProjectHomePage.tsx, /src/pages/ProjectBoqRevisionsPage.tsx, /src/pages/ProjectLogsPage.tsx, /src/pages/ProjectInfoPage.tsx and 8 more
4:02:15 PM [vite] (client) hmr update /src/App.tsx, /src/index.css
4:02:15 PM [vite] (client) hmr update /src/pages/OpeningScreen.tsx, /src/index.css
4:02:27 PM [vite] (client) hmr update /src/pages/ProjectDocumentsPage.tsx, /src/index.css
4:02:35 PM [vite] (client) hmr update /src/pages/ProjectDocumentsPage.tsx, /src/index.css
4:02:41 PM [vite] (client) hmr update /src/pages/ProjectDocumentsPage.tsx, /src/index.css
4:04:11 PM [vite] (client) hmr update /src/App.tsx, /src/index.css
4:13:10 PM [vite] (client) hmr update /src/index.css, /src/pages/AdminUsersPage.tsx, /src/pages/ProjectBatteryPage.tsx, /src/pages/ProjectAmplifierPage.tsx, /src/pages/ProjectPowerPage.tsx, /src/components/AppShell.tsx, /src/pages/ProjectDocumentsPage.tsx, /src/pages/ProjectProposedMaterialsPage.tsx, /src/pages/OpeningScreen.tsx, /src/pages/ProjectBoqPage.tsx, /src/pages/ProjectBoqRereadPage.tsx, /src/pages/ProjectHomePage.tsx, /src/pages/ProjectBoqRevisionsPage.tsx, /src/pages/ProjectLogsPage.tsx, /src/pages/ProjectInfoPage.tsx and 8 more
4:14:51 PM [vite] (client) hmr update /src/index.css, /src/pages/DatasheetEnginePage.tsx
4:21:17 PM [vite] (client) hmr update /src/index.css, /src/pages/AdminUsersPage.tsx, /src/pages/ProjectBatteryPage.tsx, /src/pages/ProjectAmplifierPage.tsx, /src/pages/ProjectPowerPage.tsx, /src/components/AppShell.tsx, /src/pages/ProjectDocumentsPage.tsx, /src/pages/ProjectProposedMaterialsPage.tsx, /src/pages/OpeningScreen.tsx, /src/pages/ProjectBoqPage.tsx, /src/pages/ProjectBoqRereadPage.tsx, /src/pages/ProjectHomePage.tsx, /src/pages/ProjectBoqRevisionsPage.tsx, /src/pages/ProjectLogsPage.tsx, /src/pages/ProjectInfoPage.tsx and 9 more
4:23:53 PM [vite] (client) hmr update /src/index.css, /src/pages/DatasheetEnginePage.tsx
4:31:45 PM [vite] (client) hmr update /src/index.css, /src/pages/AdminUsersPage.tsx, /src/pages/ProjectBatteryPage.tsx, /src/pages/ProjectAmplifierPage.tsx, /src/pages/ProjectPowerPage.tsx, /src/components/AppShell.tsx, /src/pages/ProjectDocumentsPage.tsx, /src/pages/ProjectProposedMaterialsPage.tsx, /src/pages/OpeningScreen.tsx, /src/pages/ProjectBoqPage.tsx, /src/pages/ProjectBoqRereadPage.tsx, /src/pages/ProjectHomePage.tsx, /src/pages/ProjectBoqRevisionsPage.tsx, /src/pages/ProjectLogsPage.tsx, /src/pages/ProjectInfoPage.tsx and 9 more
4:32:03 PM [vite] (client) hmr update /src/index.css, /src/pages/DatasheetEnginePage.tsx
4:40:21 PM [vite] (client) hmr update /src/index.css, /src/pages/DatasheetEnginePage.tsx
8:21:27 AM [vite] (client) hmr update /src/pages/OpenProjectPage.tsx, /src/index.css
8:29:53 AM [vite] (client) hmr update /src/index.css, /src/pages/ReviewProjectForm.tsx
8:30:03 AM [vite] (client) hmr update /src/index.css, /src/pages/ReviewProjectForm.tsx
8:30:10 AM [vite] (client) hmr update /src/index.css, /src/pages/ReviewProjectForm.tsx
8:48:47 AM [vite] (client) hmr update /src/index.css, /src/pages/AdminUsersPage.tsx, /src/pages/ProjectBatteryPage.tsx, /src/pages/ProjectAmplifierPage.tsx, /src/pages/ProjectPowerPage.tsx, /src/components/AppShell.tsx, /src/pages/ProjectDocumentsPage.tsx, /src/pages/ProjectProposedMaterialsPage.tsx, /src/pages/OpeningScreen.tsx, /src/pages/ProjectBoqPage.tsx, /src/pages/ProjectBoqRereadPage.tsx, /src/pages/ProjectHomePage.tsx, /src/pages/ProjectBoqRevisionsPage.tsx, /src/pages/ProjectLogsPage.tsx, /src/pages/ProjectInfoPage.tsx and 9 more
8:49:43 AM [vite] (client) hmr update /src/pages/OpeningScreen.tsx, /src/index.css
8:49:47 AM [vite] (client) hmr update /src/pages/OpeningScreen.tsx, /src/index.css
8:49:51 AM [vite] (client) hmr update /src/pages/OpeningScreen.tsx, /src/index.css
8:49:56 AM [vite] (client) hmr update /src/pages/OpeningScreen.tsx, /src/index.css
